  Determining projects to restore...
  All projects are up-to-date for restore.
  SpecFlowFeatureFiles: Features\AccountOperations.feature;Features\Login.feature;Features\NewAccount.feature
  -> Using specflow.json
  SpecFlowGeneratedFiles: Features\AccountOperations.feature.cs
  SpecFlowGeneratedFiles: Features\Login.feature.cs
  SpecFlowGeneratedFiles: Features\NewAccount.feature.cs
AccountOperations.feature.cs;Login.feature.cs;NewAccount.feature.cs : warning : For codebehind file 'AccountOperations.feature.cs;Login.feature.cs;NewAccount.feature.cs', no feature file was found. [C:\Users\mbelhajji\Playwright_TestBank\ParaBankAutomation\ParaBankAutomation.csproj]
  ParaBankAutomation -> C:\Users\mbelhajji\Playwright_TestBank\ParaBankAutomation\bin\Debug\net10.0\ParaBankAutomation.dll
Test run for C:\Users\mbelhajji\Playwright_TestBank\ParaBankAutomation\bin\Debug\net10.0\ParaBankAutomation.dll (.NETCoreApp,Version=v10.0)
VSTest version 18.0.1 (x64)

Starting test execution, please wait...
A total of 1 test files matched the specified pattern.
C:\Users\mbelhajji\Playwright_TestBank\ParaBankAutomation\bin\Debug\net10.0\ParaBankAutomation.dll
NUnit Adapter 4.5.0.0: Test execution started
Running all tests in C:\Users\mbelhajji\Playwright_TestBank\ParaBankAutomation\bin\Debug\net10.0\ParaBankAutomation.dll
   NUnit3TestExecutor discovered 13 of 13 NUnit test cases using Current Discovery mode, Non-Explicit run
Given I am on the ParaBank home page
-> done: LoginSteps.GivenIAmOnTheParaBankHomePage() (3.2s)
And I am logged in as a valid user
-> done: LoginSteps.GivenIAmLoggedInAsAValidUser() (1.7s)
Given I have multiple accounts with sufficient balance
-> done: AccountOperationsSteps.GivenIHaveMultipleAccountsWithSufficientBalance() (0.0s)
When I navigate to the transfer funds page
-> done: AccountOperationsSteps.WhenINavigateToTheTransferFundsPage() (0.3s)
And I transfer 100 dollars from account 1 to account 2
-> done: AccountOperationsSteps.WhenITransferDollarsFromAccountToAccount(100, 1, 2) (0.1s)
Then I should see a transfer confirmation message
-> error: Expected isSuccessful to be true because Transfer should be completed successfully, but found False. (5.1s)
And the transfer should be reflected in the account balances
-> skipped because of previous errors

  Failed TransferFundsBetweenAccounts [27 s]
  Error Message:
   Expected isSuccessful to be true because Transfer should be completed successfully, but found False.
  Stack Trace:
     at FluentAssertions.Execution.LateBoundTestFramework.Throw(String message)
   at FluentAssertions.Execution.TestFrameworkProvider.Throw(String message)
   at FluentAssertions.Execution.DefaultAssertionStrategy.HandleFailure(String message)
   at FluentAssertions.Execution.AssertionScope.FailWith(Func`1 failReasonFunc)
   at FluentAssertions.Execution.AssertionScope.FailWith(Func`1 failReasonFunc)
   at FluentAssertions.Execution.AssertionScope.FailWith(String message, Object[] args)
   at FluentAssertions.Primitives.BooleanAssertions`1.BeTrue(String because, Object[] becauseArgs)
   at ParaBankAutomation.StepDefinitions.AccountOperationsSteps.ThenIShouldSeeATransferConfirmationMessage() in C:\Users\mbelhajji\Playwright_TestBank\ParaBankAutomation\StepDefinitions\AccountOperationsSteps.cs:line 90
   at TechTalk.SpecFlow.Bindings.SynchronousBindingDelegateInvoker.<>c__DisplayClass2_0.<<InvokeBindingDelegateAsync>b__0>d.MoveNext()
--- End of stack trace from previous location ---
   at TechTalk.SpecFlow.Bindings.AsyncHelpers.<>c__DisplayClass1_0`1.<<RunSync>b__0>d.MoveNext()
--- End of stack trace from previous location ---
   at TechTalk.SpecFlow.Bindings.AsyncHelpers.ExclusiveSynchronizationContext.BeginMessageLoop()
   at TechTalk.SpecFlow.Bindings.AsyncHelpers.RunSync[T](Func`1 task)
   at TechTalk.SpecFlow.Bindings.SynchronousBindingDelegateInvoker.InvokeBindingDelegateAsync(Delegate bindingDelegate, Object[] invokeArgs)
   at TechTalk.SpecFlow.Bindings.SynchronousBindingDelegateInvoker.InvokeDelegateSynchronously(Delegate bindingDelegate, Object[] invokeArgs)
   at TechTalk.SpecFlow.Bindings.BindingInvoker.InvokeBinding(IBinding binding, IContextManager contextManager, Object[] arguments, ITestTracer testTracer, TimeSpan& duration)
   at TechTalk.SpecFlow.Infrastructure.TestExecutionEngine.ExecuteStepMatch(BindingMatch match, Object[] arguments, TimeSpan& duration)
   at TechTalk.SpecFlow.Infrastructure.TestExecutionEngine.ExecuteStep(IContextManager contextManager, StepInstance stepInstance)
   at TechTalk.SpecFlow.Infrastructure.TestExecutionEngine.OnAfterLastStep()
   at TechTalk.SpecFlow.TestRunner.CollectScenarioErrors()
   at ParaBankAutomation.Features.AccountOperationsFeature.ScenarioCleanup()
   at ParaBankAutomation.Features.AccountOperationsFeature.TransferFundsBetweenAccounts() in C:\Users\mbelhajji\Playwright_TestBank\ParaBankAutomation\Features\AccountOperations.feature:line 22


  Standard Output Messages:
 Given I am on the ParaBank home page
 -> done: LoginSteps.GivenIAmOnTheParaBankHomePage() (3.2s)
 And I am logged in as a valid user
 -> done: LoginSteps.GivenIAmLoggedInAsAValidUser() (1.7s)
 Given I have multiple accounts with sufficient balance
 -> done: AccountOperationsSteps.GivenIHaveMultipleAccountsWithSufficientBalance() (0.0s)
 When I navigate to the transfer funds page
 -> done: AccountOperationsSteps.WhenINavigateToTheTransferFundsPage() (0.3s)
 And I transfer 100 dollars from account 1 to account 2
 -> done: AccountOperationsSteps.WhenITransferDollarsFromAccountToAccount(100, 1, 2) (0.1s)
 Then I should see a transfer confirmation message
 -> error: Expected isSuccessful to be true because Transfer should be completed successfully, but found False. (5.1s)
 And the transfer should be reflected in the account balances
 -> skipped because of previous errors


Given I am on the ParaBank home page
-> done: LoginSteps.GivenIAmOnTheParaBankHomePage() (1.8s)
And I am logged in as a valid user
-> done: LoginSteps.GivenIAmLoggedInAsAValidUser() (0.9s)
Given I have multiple accounts
Warning: User has only 0 account(s). Transfer tests may fail.
-> done: AccountOperationsSteps.GivenIHaveMultipleAccountsWithSufficientBalance() (0.0s)
When I navigate to the transfer funds page
-> done: AccountOperationsSteps.WhenINavigateToTheTransferFundsPage() (0.3s)
And I attempt to transfer 999999 dollars from account 1 to account 2
-> done: AccountOperationsSteps.WhenIAttemptToTransferDollarsFromAccountToAccount(999999, 1, 2) (0.1s)
Then I should see an error message indicating insufficient funds
-> error: Expected errorMessage not to be <null> or empty because Should display an error for insufficient funds, but found "". (3.0s)

  Failed ValidateInsufficientFundsTransfer [8 s]
  Error Message:
   Expected errorMessage not to be <null> or empty because Should display an error for insufficient funds, but found "".
  Stack Trace:
     at FluentAssertions.Execution.LateBoundTestFramework.Throw(String message)
   at FluentAssertions.Execution.TestFrameworkProvider.Throw(String message)
   at FluentAssertions.Execution.DefaultAssertionStrategy.HandleFailure(String message)
   at FluentAssertions.Execution.AssertionScope.FailWith(Func`1 failReasonFunc)
   at FluentAssertions.Execution.AssertionScope.FailWith(Func`1 failReasonFunc)
   at FluentAssertions.Execution.AssertionScope.FailWith(String message, Object[] args)
   at FluentAssertions.Primitives.StringAssertions`1.NotBeNullOrEmpty(String because, Object[] becauseArgs)
   at ParaBankAutomation.StepDefinitions.AccountOperationsSteps.ThenIShouldSeeAnErrorMessageIndicatingInsufficientFunds() in C:\Users\mbelhajji\Playwright_TestBank\ParaBankAutomation\StepDefinitions\AccountOperationsSteps.cs:line 105
   at TechTalk.SpecFlow.Bindings.SynchronousBindingDelegateInvoker.<>c__DisplayClass2_0.<<InvokeBindingDelegateAsync>b__0>d.MoveNext()
--- End of stack trace from previous location ---
   at TechTalk.SpecFlow.Bindings.AsyncHelpers.<>c__DisplayClass1_0`1.<<RunSync>b__0>d.MoveNext()
--- End of stack trace from previous location ---
   at TechTalk.SpecFlow.Bindings.AsyncHelpers.ExclusiveSynchronizationContext.BeginMessageLoop()
   at TechTalk.SpecFlow.Bindings.AsyncHelpers.RunSync[T](Func`1 task)
   at TechTalk.SpecFlow.Bindings.SynchronousBindingDelegateInvoker.InvokeBindingDelegateAsync(Delegate bindingDelegate, Object[] invokeArgs)
   at TechTalk.SpecFlow.Bindings.SynchronousBindingDelegateInvoker.InvokeDelegateSynchronously(Delegate bindingDelegate, Object[] invokeArgs)
   at TechTalk.SpecFlow.Bindings.BindingInvoker.InvokeBinding(IBinding binding, IContextManager contextManager, Object[] arguments, ITestTracer testTracer, TimeSpan& duration)
   at TechTalk.SpecFlow.Infrastructure.TestExecutionEngine.ExecuteStepMatch(BindingMatch match, Object[] arguments, TimeSpan& duration)
   at TechTalk.SpecFlow.Infrastructure.TestExecutionEngine.ExecuteStep(IContextManager contextManager, StepInstance stepInstance)
   at TechTalk.SpecFlow.Infrastructure.TestExecutionEngine.OnAfterLastStep()
   at TechTalk.SpecFlow.TestRunner.CollectScenarioErrors()
   at ParaBankAutomation.Features.AccountOperationsFeature.ScenarioCleanup()
   at ParaBankAutomation.Features.AccountOperationsFeature.ValidateInsufficientFundsTransfer() in C:\Users\mbelhajji\Playwright_TestBank\ParaBankAutomation\Features\AccountOperations.feature:line 36


  Standard Output Messages:
 Given I am on the ParaBank home page
 -> done: LoginSteps.GivenIAmOnTheParaBankHomePage() (1.8s)
 And I am logged in as a valid user
 -> done: LoginSteps.GivenIAmLoggedInAsAValidUser() (0.9s)
 Given I have multiple accounts
 Warning: User has only 0 account(s). Transfer tests may fail.
 -> done: AccountOperationsSteps.GivenIHaveMultipleAccountsWithSufficientBalance() (0.0s)
 When I navigate to the transfer funds page
 -> done: AccountOperationsSteps.WhenINavigateToTheTransferFundsPage() (0.3s)
 And I attempt to transfer 999999 dollars from account 1 to account 2
 -> done: AccountOperationsSteps.WhenIAttemptToTransferDollarsFromAccountToAccount(999999, 1, 2) (0.1s)
 Then I should see an error message indicating insufficient funds
 -> error: Expected errorMessage not to be <null> or empty because Should display an error for insufficient funds, but found "". (3.0s)


Given I am on the ParaBank home page
-> done: LoginSteps.GivenIAmOnTheParaBankHomePage() (1.9s)
And I am logged in as a valid user
-> done: LoginSteps.GivenIAmLoggedInAsAValidUser() (0.8s)
When I navigate to account activity for my first account
-> done: AccountOperationsSteps.WhenINavigateToAccountActivityForMyFirstAccount() (0.5s)
Then I should see the account details
-> done: AccountOperationsSteps.ThenIShouldSeeTheAccountDetails() (0.0s)
And I should see a list of recent transactions
-> done: AccountOperationsSteps.ThenIShouldSeeAListOfRecentTransactions() (3.0s)
And each transaction should display date, description, and amount
-> done: AccountOperationsSteps.ThenEachTransactionShouldDisplayDateDescriptionAndAmount() (3.0s)

  Passed ViewAccountActivity [11 s]
  Standard Output Messages:
 Given I am on the ParaBank home page
 -> done: LoginSteps.GivenIAmOnTheParaBankHomePage() (1.9s)
 And I am logged in as a valid user
 -> done: LoginSteps.GivenIAmLoggedInAsAValidUser() (0.8s)
 When I navigate to account activity for my first account
 -> done: AccountOperationsSteps.WhenINavigateToAccountActivityForMyFirstAccount() (0.5s)
 Then I should see the account details
 -> done: AccountOperationsSteps.ThenIShouldSeeTheAccountDetails() (0.0s)
 And I should see a list of recent transactions
 -> done: AccountOperationsSteps.ThenIShouldSeeAListOfRecentTransactions() (3.0s)
 And each transaction should display date, description, and amount
 -> done: AccountOperationsSteps.ThenEachTransactionShouldDisplayDateDescriptionAndAmount() (3.0s)


Given I am on the ParaBank home page
-> done: LoginSteps.GivenIAmOnTheParaBankHomePage() (1.9s)
And I am logged in as a valid user
-> done: LoginSteps.GivenIAmLoggedInAsAValidUser() (0.9s)
When I navigate to the accounts overview page
-> done: AccountOperationsSteps.WhenINavigateToTheAccountsOverviewPage() (0.3s)
Then I should see a list of my accounts
-> error: Expected accountCount to be greater than 0 because User should have at least one account, but found 0. (0.0s)
And each account should display account number and balance
-> skipped because of previous errors

  Failed ViewAccountOverview [5 s]
  Error Message:
   Expected accountCount to be greater than 0 because User should have at least one account, but found 0.
  Stack Trace:
     at FluentAssertions.Execution.LateBoundTestFramework.Throw(String message)
   at FluentAssertions.Execution.TestFrameworkProvider.Throw(String message)
   at FluentAssertions.Execution.DefaultAssertionStrategy.HandleFailure(String message)
   at FluentAssertions.Execution.AssertionScope.FailWith(Func`1 failReasonFunc)
   at FluentAssertions.Execution.AssertionScope.FailWith(Func`1 failReasonFunc)
   at FluentAssertions.Execution.AssertionScope.FailWith(String message, Object[] args)
   at FluentAssertions.Numeric.NumericAssertions`2.BeGreaterThan(T expected, String because, Object[] becauseArgs)
   at ParaBankAutomation.StepDefinitions.AccountOperationsSteps.ThenIShouldSeeAListOfMyAccounts() in C:\Users\mbelhajji\Playwright_TestBank\ParaBankAutomation\StepDefinitions\AccountOperationsSteps.cs:line 38
   at TechTalk.SpecFlow.Bindings.SynchronousBindingDelegateInvoker.<>c__DisplayClass2_0.<<InvokeBindingDelegateAsync>b__0>d.MoveNext()
--- End of stack trace from previous location ---
   at TechTalk.SpecFlow.Bindings.AsyncHelpers.<>c__DisplayClass1_0`1.<<RunSync>b__0>d.MoveNext()
--- End of stack trace from previous location ---
   at TechTalk.SpecFlow.Bindings.AsyncHelpers.ExclusiveSynchronizationContext.BeginMessageLoop()
   at TechTalk.SpecFlow.Bindings.AsyncHelpers.RunSync[T](Func`1 task)
   at TechTalk.SpecFlow.Bindings.SynchronousBindingDelegateInvoker.InvokeBindingDelegateAsync(Delegate bindingDelegate, Object[] invokeArgs)
   at TechTalk.SpecFlow.Bindings.SynchronousBindingDelegateInvoker.InvokeDelegateSynchronously(Delegate bindingDelegate, Object[] invokeArgs)
   at TechTalk.SpecFlow.Bindings.BindingInvoker.InvokeBinding(IBinding binding, IContextManager contextManager, Object[] arguments, ITestTracer testTracer, TimeSpan& duration)
   at TechTalk.SpecFlow.Infrastructure.TestExecutionEngine.ExecuteStepMatch(BindingMatch match, Object[] arguments, TimeSpan& duration)
   at TechTalk.SpecFlow.Infrastructure.TestExecutionEngine.ExecuteStep(IContextManager contextManager, StepInstance stepInstance)
   at TechTalk.SpecFlow.Infrastructure.TestExecutionEngine.OnAfterLastStep()
   at TechTalk.SpecFlow.TestRunner.CollectScenarioErrors()
   at ParaBankAutomation.Features.AccountOperationsFeature.ScenarioCleanup()
   at ParaBankAutomation.Features.AccountOperationsFeature.ViewAccountOverview() in C:\Users\mbelhajji\Playwright_TestBank\ParaBankAutomation\Features\AccountOperations.feature:line 14


  Standard Output Messages:
 Given I am on the ParaBank home page
 -> done: LoginSteps.GivenIAmOnTheParaBankHomePage() (1.9s)
 And I am logged in as a valid user
 -> done: LoginSteps.GivenIAmLoggedInAsAValidUser() (0.9s)
 When I navigate to the accounts overview page
 -> done: AccountOperationsSteps.WhenINavigateToTheAccountsOverviewPage() (0.3s)
 Then I should see a list of my accounts
 -> error: Expected accountCount to be greater than 0 because User should have at least one account, but found 0. (0.0s)
 And each account should display account number and balance
 -> skipped because of previous errors


Given I am on the ParaBank home page
-> done: LoginSteps.GivenIAmOnTheParaBankHomePage() (1.7s)
And I am logged in as a valid user
-> done: LoginSteps.GivenIAmLoggedInAsAValidUser() (0.9s)
When I navigate to the open new account page
-> done: NewAccountSteps.WhenINavigateToTheOpenNewAccountPage() (0.3s)
And I select "CHECKING" as account type
-> done: NewAccountSteps.WhenISelectAsAccountType("CHECKING") (0.0s)
And I select an existing account to transfer initial funds from
-> done: NewAccountSteps.WhenISelectAnExistingAccountToTransferInitialFundsFrom() (0.0s)
And I click the open new account button
-> done: NewAccountSteps.WhenIClickTheOpenNewAccountButton() (0.1s)
Then I should see a confirmation message for the new account
-> error: Expected isCreated to be true because New account should be created successfully, but found False. (5.0s)
And the new account number should be displayed
-> skipped because of previous errors

  Failed OpenANewCheckingAccount [10 s]
  Error Message:
   Expected isCreated to be true because New account should be created successfully, but found False.
  Stack Trace:
     at FluentAssertions.Execution.LateBoundTestFramework.Throw(String message)
   at FluentAssertions.Execution.TestFrameworkProvider.Throw(String message)
   at FluentAssertions.Execution.DefaultAssertionStrategy.HandleFailure(String message)
   at FluentAssertions.Execution.AssertionScope.FailWith(Func`1 failReasonFunc)
   at FluentAssertions.Execution.AssertionScope.FailWith(Func`1 failReasonFunc)
   at FluentAssertions.Execution.AssertionScope.FailWith(String message, Object[] args)
   at FluentAssertions.Primitives.BooleanAssertions`1.BeTrue(String because, Object[] becauseArgs)
   at ParaBankAutomation.StepDefinitions.NewAccountSteps.ThenIShouldSeeAConfirmationMessageForTheNewAccount() in C:\Users\mbelhajji\Playwright_TestBank\ParaBankAutomation\StepDefinitions\NewAccountSteps.cs:line 55
   at TechTalk.SpecFlow.Bindings.SynchronousBindingDelegateInvoker.<>c__DisplayClass2_0.<<InvokeBindingDelegateAsync>b__0>d.MoveNext()
--- End of stack trace from previous location ---
   at TechTalk.SpecFlow.Bindings.AsyncHelpers.<>c__DisplayClass1_0`1.<<RunSync>b__0>d.MoveNext()
--- End of stack trace from previous location ---
   at TechTalk.SpecFlow.Bindings.AsyncHelpers.ExclusiveSynchronizationContext.BeginMessageLoop()
   at TechTalk.SpecFlow.Bindings.AsyncHelpers.RunSync[T](Func`1 task)
   at TechTalk.SpecFlow.Bindings.SynchronousBindingDelegateInvoker.InvokeBindingDelegateAsync(Delegate bindingDelegate, Object[] invokeArgs)
   at TechTalk.SpecFlow.Bindings.SynchronousBindingDelegateInvoker.InvokeDelegateSynchronously(Delegate bindingDelegate, Object[] invokeArgs)
   at TechTalk.SpecFlow.Bindings.BindingInvoker.InvokeBinding(IBinding binding, IContextManager contextManager, Object[] arguments, ITestTracer testTracer, TimeSpan& duration)
   at TechTalk.SpecFlow.Infrastructure.TestExecutionEngine.ExecuteStepMatch(BindingMatch match, Object[] arguments, TimeSpan& duration)
   at TechTalk.SpecFlow.Infrastructure.TestExecutionEngine.ExecuteStep(IContextManager contextManager, StepInstance stepInstance)
   at TechTalk.SpecFlow.Infrastructure.TestExecutionEngine.OnAfterLastStep()
   at TechTalk.SpecFlow.TestRunner.CollectScenarioErrors()
   at ParaBankAutomation.Features.NewAccountCreationFeature.ScenarioCleanup()
   at ParaBankAutomation.Features.NewAccountCreationFeature.OpenANewCheckingAccount() in C:\Users\mbelhajji\Playwright_TestBank\ParaBankAutomation\Features\NewAccount.feature:line 26


  Standard Output Messages:
 Given I am on the ParaBank home page
 -> done: LoginSteps.GivenIAmOnTheParaBankHomePage() (1.7s)
 And I am logged in as a valid user
 -> done: LoginSteps.GivenIAmLoggedInAsAValidUser() (0.9s)
 When I navigate to the open new account page
 -> done: NewAccountSteps.WhenINavigateToTheOpenNewAccountPage() (0.3s)
 And I select "CHECKING" as account type
 -> done: NewAccountSteps.WhenISelectAsAccountType("CHECKING") (0.0s)
 And I select an existing account to transfer initial funds from
 -> done: NewAccountSteps.WhenISelectAnExistingAccountToTransferInitialFundsFrom() (0.0s)
 And I click the open new account button
 -> done: NewAccountSteps.WhenIClickTheOpenNewAccountButton() (0.1s)
 Then I should see a confirmation message for the new account
 -> error: Expected isCreated to be true because New account should be created successfully, but found False. (5.0s)
 And the new account number should be displayed
 -> skipped because of previous errors


Given I am on the ParaBank home page
-> done: LoginSteps.GivenIAmOnTheParaBankHomePage() (1.7s)
And I am logged in as a valid user
-> done: LoginSteps.GivenIAmLoggedInAsAValidUser() (0.8s)
When I navigate to the open new account page
-> done: NewAccountSteps.WhenINavigateToTheOpenNewAccountPage() (0.2s)
And I select "SAVINGS" as account type
-> done: NewAccountSteps.WhenISelectAsAccountType("SAVINGS") (0.0s)
And I select an existing account to transfer initial funds from
-> done: NewAccountSteps.WhenISelectAnExistingAccountToTransferInitialFundsFrom() (0.0s)
And I click the open new account button
-> done: NewAccountSteps.WhenIClickTheOpenNewAccountButton() (0.0s)
Then I should see a confirmation message for the new account
-> error: Expected isCreated to be true because New account should be created successfully, but found False. (5.0s)
And the new account should appear in my accounts overview
-> skipped because of previous errors

  Failed OpenANewSavingsAccount [10 s]
  Error Message:
   Expected isCreated to be true because New account should be created successfully, but found False.
  Stack Trace:
     at FluentAssertions.Execution.LateBoundTestFramework.Throw(String message)
   at FluentAssertions.Execution.TestFrameworkProvider.Throw(String message)
   at FluentAssertions.Execution.DefaultAssertionStrategy.HandleFailure(String message)
   at FluentAssertions.Execution.AssertionScope.FailWith(Func`1 failReasonFunc)
   at FluentAssertions.Execution.AssertionScope.FailWith(Func`1 failReasonFunc)
   at FluentAssertions.Execution.AssertionScope.FailWith(String message, Object[] args)
   at FluentAssertions.Primitives.BooleanAssertions`1.BeTrue(String because, Object[] becauseArgs)
   at ParaBankAutomation.StepDefinitions.NewAccountSteps.ThenIShouldSeeAConfirmationMessageForTheNewAccount() in C:\Users\mbelhajji\Playwright_TestBank\ParaBankAutomation\StepDefinitions\NewAccountSteps.cs:line 55
   at TechTalk.SpecFlow.Bindings.SynchronousBindingDelegateInvoker.<>c__DisplayClass2_0.<<InvokeBindingDelegateAsync>b__0>d.MoveNext()
--- End of stack trace from previous location ---
   at TechTalk.SpecFlow.Bindings.AsyncHelpers.<>c__DisplayClass1_0`1.<<RunSync>b__0>d.MoveNext()
--- End of stack trace from previous location ---
   at TechTalk.SpecFlow.Bindings.AsyncHelpers.ExclusiveSynchronizationContext.BeginMessageLoop()
   at TechTalk.SpecFlow.Bindings.AsyncHelpers.RunSync[T](Func`1 task)
   at TechTalk.SpecFlow.Bindings.SynchronousBindingDelegateInvoker.InvokeBindingDelegateAsync(Delegate bindingDelegate, Object[] invokeArgs)
   at TechTalk.SpecFlow.Bindings.SynchronousBindingDelegateInvoker.InvokeDelegateSynchronously(Delegate bindingDelegate, Object[] invokeArgs)
   at TechTalk.SpecFlow.Bindings.BindingInvoker.InvokeBinding(IBinding binding, IContextManager contextManager, Object[] arguments, ITestTracer testTracer, TimeSpan& duration)
   at TechTalk.SpecFlow.Infrastructure.TestExecutionEngine.ExecuteStepMatch(BindingMatch match, Object[] arguments, TimeSpan& duration)
   at TechTalk.SpecFlow.Infrastructure.TestExecutionEngine.ExecuteStep(IContextManager contextManager, StepInstance stepInstance)
   at TechTalk.SpecFlow.Infrastructure.TestExecutionEngine.OnAfterLastStep()
   at TechTalk.SpecFlow.TestRunner.CollectScenarioErrors()
   at ParaBankAutomation.Features.NewAccountCreationFeature.ScenarioCleanup()
   at ParaBankAutomation.Features.NewAccountCreationFeature.OpenANewSavingsAccount() in C:\Users\mbelhajji\Playwright_TestBank\ParaBankAutomation\Features\NewAccount.feature:line 17


  Standard Output Messages:
 Given I am on the ParaBank home page
 -> done: LoginSteps.GivenIAmOnTheParaBankHomePage() (1.7s)
 And I am logged in as a valid user
 -> done: LoginSteps.GivenIAmLoggedInAsAValidUser() (0.8s)
 When I navigate to the open new account page
 -> done: NewAccountSteps.WhenINavigateToTheOpenNewAccountPage() (0.2s)
 And I select "SAVINGS" as account type
 -> done: NewAccountSteps.WhenISelectAsAccountType("SAVINGS") (0.0s)
 And I select an existing account to transfer initial funds from
 -> done: NewAccountSteps.WhenISelectAnExistingAccountToTransferInitialFundsFrom() (0.0s)
 And I click the open new account button
 -> done: NewAccountSteps.WhenIClickTheOpenNewAccountButton() (0.0s)
 Then I should see a confirmation message for the new account
 -> error: Expected isCreated to be true because New account should be created successfully, but found False. (5.0s)
 And the new account should appear in my accounts overview
 -> skipped because of previous errors


Given I am on the ParaBank home page
-> done: LoginSteps.GivenIAmOnTheParaBankHomePage() (1.7s)
When I login with username "invaliduser" and password "wrongpass"
-> done: LoginSteps.WhenILoginWithUsernameAndPassword("invaliduser", "wrongpass") (0.3s)
Then I should see an error message "The username and password could not be verified."
-> done: LoginSteps.ThenIShouldSeeAnErrorMessage("The username and ...") (0.1s)
And I should remain on the login page
-> done: LoginSteps.ThenIShouldRemainOnTheLoginPage() (0.0s)

  Passed FailedLoginWithInvalidCredentials [4 s]
  Standard Output Messages:
 Given I am on the ParaBank home page
 -> done: LoginSteps.GivenIAmOnTheParaBankHomePage() (1.7s)
 When I login with username "invaliduser" and password "wrongpass"
 -> done: LoginSteps.WhenILoginWithUsernameAndPassword("invaliduser", "wrongpass") (0.3s)
 Then I should see an error message "The username and password could not be verified."
 -> done: LoginSteps.ThenIShouldSeeAnErrorMessage("The username and ...") (0.1s)
 And I should remain on the login page
 -> done: LoginSteps.ThenIShouldRemainOnTheLoginPage() (0.0s)


Given I am on the ParaBank home page
-> done: LoginSteps.GivenIAmOnTheParaBankHomePage() (1.9s)
When I login with username "john" and password "wrongpass"
-> done: LoginSteps.WhenILoginWithUsernameAndPassword("john", "wrongpass") (0.3s)
Then I should see an error message "The username and password could not be verified."
-> done: LoginSteps.ThenIShouldSeeAnErrorMessage("The username and ...") (0.1s)

  Passed LoginWithDifferentInvalidCredentialCombinations("john","wrongpass",null) [4 s]
  Standard Output Messages:
 Given I am on the ParaBank home page
 -> done: LoginSteps.GivenIAmOnTheParaBankHomePage() (1.9s)
 When I login with username "john" and password "wrongpass"
 -> done: LoginSteps.WhenILoginWithUsernameAndPassword("john", "wrongpass") (0.3s)
 Then I should see an error message "The username and password could not be verified."
 -> done: LoginSteps.ThenIShouldSeeAnErrorMessage("The username and ...") (0.1s)


Given I am on the ParaBank home page
-> done: LoginSteps.GivenIAmOnTheParaBankHomePage() (1.8s)
When I login with username "invaliduser" and password "demo"
-> done: LoginSteps.WhenILoginWithUsernameAndPassword("invaliduser", "demo") (0.3s)
Then I should see an error message "The username and password could not be verified."
-> done: LoginSteps.ThenIShouldSeeAnErrorMessage("The username and ...") (0.1s)

  Passed LoginWithDifferentInvalidCredentialCombinations("invaliduser","demo",null) [4 s]
  Standard Output Messages:
 Given I am on the ParaBank home page
 -> done: LoginSteps.GivenIAmOnTheParaBankHomePage() (1.8s)
 When I login with username "invaliduser" and password "demo"
 -> done: LoginSteps.WhenILoginWithUsernameAndPassword("invaliduser", "demo") (0.3s)
 Then I should see an error message "The username and password could not be verified."
 -> done: LoginSteps.ThenIShouldSeeAnErrorMessage("The username and ...") (0.1s)


Given I am on the ParaBank home page
-> done: LoginSteps.GivenIAmOnTheParaBankHomePage() (1.7s)
When I login with username "" and password "demo"
-> done: LoginSteps.WhenILoginWithUsernameAndPassword("", "demo") (0.3s)
Then I should see an error message "The username and password could not be verified."
-> error: Expected errorMessage "Please enter a username and password." to contain "The username and password could not be verified." because Error message should be displayed for invalid credentials. (0.1s)

  Failed LoginWithDifferentInvalidCredentialCombinations("","demo",null) [4 s]
  Error Message:
   Expected errorMessage "Please enter a username and password." to contain "The username and password could not be verified." because Error message should be displayed for invalid credentials.
  Stack Trace:
     at FluentAssertions.Execution.LateBoundTestFramework.Throw(String message)
   at FluentAssertions.Execution.TestFrameworkProvider.Throw(String message)
   at FluentAssertions.Execution.DefaultAssertionStrategy.HandleFailure(String message)
   at FluentAssertions.Execution.AssertionScope.FailWith(Func`1 failReasonFunc)
   at FluentAssertions.Execution.AssertionScope.FailWith(Func`1 failReasonFunc)
   at FluentAssertions.Execution.AssertionScope.FailWith(String message, Object[] args)
   at FluentAssertions.Primitives.StringAssertions`1.Contain(String expected, String because, Object[] becauseArgs)
   at ParaBankAutomation.StepDefinitions.LoginSteps.ThenIShouldSeeAnErrorMessage(String expectedError) in C:\Users\mbelhajji\Playwright_TestBank\ParaBankAutomation\StepDefinitions\LoginSteps.cs:line 79
   at TechTalk.SpecFlow.Bindings.SynchronousBindingDelegateInvoker.<>c__DisplayClass2_0.<<InvokeBindingDelegateAsync>b__0>d.MoveNext()
--- End of stack trace from previous location ---
   at TechTalk.SpecFlow.Bindings.AsyncHelpers.<>c__DisplayClass1_0`1.<<RunSync>b__0>d.MoveNext()
--- End of stack trace from previous location ---
   at TechTalk.SpecFlow.Bindings.AsyncHelpers.ExclusiveSynchronizationContext.BeginMessageLoop()
   at TechTalk.SpecFlow.Bindings.BindingInvoker.InvokeBinding(IBinding binding, IContextManager contextManager, Object[] arguments, ITestTracer testTracer, TimeSpan& duration)
   at TechTalk.SpecFlow.Infrastructure.TestExecutionEngine.ExecuteStepMatch(BindingMatch match, Object[] arguments, TimeSpan& duration)
   at TechTalk.SpecFlow.Infrastructure.TestExecutionEngine.ExecuteStep(IContextManager contextManager, StepInstance stepInstance)
   at TechTalk.SpecFlow.Infrastructure.TestExecutionEngine.OnAfterLastStep()
   at TechTalk.SpecFlow.TestRunner.CollectScenarioErrors()
   at ParaBankAutomation.Features.UserAuthenticationFeature.ScenarioCleanup()
   at ParaBankAutomation.Features.UserAuthenticationFeature.LoginWithDifferentInvalidCredentialCombinations(String username, String password, String[] exampleTags) in C:\Users\mbelhajji\Playwright_TestBank\ParaBankAutomation\Features\Login.feature:line 31
   at InvokeStub_UserAuthenticationFeature.LoginWithDifferentInvalidCredentialCombinations(Object, Span`1)


  Standard Output Messages:
 Given I am on the ParaBank home page
 -> done: LoginSteps.GivenIAmOnTheParaBankHomePage() (1.7s)
 When I login with username "" and password "demo"
 -> done: LoginSteps.WhenILoginWithUsernameAndPassword("", "demo") (0.3s)
 Then I should see an error message "The username and password could not be verified."
 -> error: Expected errorMessage "Please enter a username and password." to contain "The username and password could not be verified." because Error message should be displayed for invalid credentials. (0.1s)


Given I am on the ParaBank home page
-> done: LoginSteps.GivenIAmOnTheParaBankHomePage() (1.9s)
When I login with username "john" and password ""
-> done: LoginSteps.WhenILoginWithUsernameAndPassword("john", "") (0.3s)
Then I should see an error message "The username and password could not be verified."
-> error: Expected errorMessage "Please enter a username and password." to contain "The username and password could not be verified." because Error message should be displayed for invalid credentials. (0.1s)

  Failed LoginWithDifferentInvalidCredentialCombinations("john","",null) [4 s]
  Error Message:
   Expected errorMessage "Please enter a username and password." to contain "The username and password could not be verified." because Error message should be displayed for invalid credentials.
  Stack Trace:
     at FluentAssertions.Execution.LateBoundTestFramework.Throw(String message)
   at FluentAssertions.Execution.TestFrameworkProvider.Throw(String message)
   at FluentAssertions.Execution.DefaultAssertionStrategy.HandleFailure(String message)
   at FluentAssertions.Execution.AssertionScope.FailWith(Func`1 failReasonFunc)
   at FluentAssertions.Execution.AssertionScope.FailWith(Func`1 failReasonFunc)
   at FluentAssertions.Execution.AssertionScope.FailWith(String message, Object[] args)
   at FluentAssertions.Primitives.StringAssertions`1.Contain(String expected, String because, Object[] becauseArgs)
   at ParaBankAutomation.StepDefinitions.LoginSteps.ThenIShouldSeeAnErrorMessage(String expectedError) in C:\Users\mbelhajji\Playwright_TestBank\ParaBankAutomation\StepDefinitions\LoginSteps.cs:line 79
   at TechTalk.SpecFlow.Bindings.SynchronousBindingDelegateInvoker.<>c__DisplayClass2_0.<<InvokeBindingDelegateAsync>b__0>d.MoveNext()
--- End of stack trace from previous location ---
   at TechTalk.SpecFlow.Bindings.AsyncHelpers.<>c__DisplayClass1_0`1.<<RunSync>b__0>d.MoveNext()
--- End of stack trace from previous location ---
   at TechTalk.SpecFlow.Bindings.AsyncHelpers.ExclusiveSynchronizationContext.BeginMessageLoop()
   at TechTalk.SpecFlow.Bindings.BindingInvoker.InvokeBinding(IBinding binding, IContextManager contextManager, Object[] arguments, ITestTracer testTracer, TimeSpan& duration)
   at TechTalk.SpecFlow.Infrastructure.TestExecutionEngine.ExecuteStepMatch(BindingMatch match, Object[] arguments, TimeSpan& duration)
   at TechTalk.SpecFlow.Infrastructure.TestExecutionEngine.ExecuteStep(IContextManager contextManager, StepInstance stepInstance)
   at TechTalk.SpecFlow.Infrastructure.TestExecutionEngine.OnAfterLastStep()
   at TechTalk.SpecFlow.TestRunner.CollectScenarioErrors()
   at ParaBankAutomation.Features.UserAuthenticationFeature.ScenarioCleanup()
   at ParaBankAutomation.Features.UserAuthenticationFeature.LoginWithDifferentInvalidCredentialCombinations(String username, String password, String[] exampleTags) in C:\Users\mbelhajji\Playwright_TestBank\ParaBankAutomation\Features\Login.feature:line 31
   at InvokeStub_UserAuthenticationFeature.LoginWithDifferentInvalidCredentialCombinations(Object, Span`1)


  Standard Output Messages:
 Given I am on the ParaBank home page
 -> done: LoginSteps.GivenIAmOnTheParaBankHomePage() (1.9s)
 When I login with username "john" and password ""
 -> done: LoginSteps.WhenILoginWithUsernameAndPassword("john", "") (0.3s)
 Then I should see an error message "The username and password could not be verified."
 -> error: Expected errorMessage "Please enter a username and password." to contain "The username and password could not be verified." because Error message should be displayed for invalid credentials. (0.1s)


Given I am on the ParaBank home page
-> done: LoginSteps.GivenIAmOnTheParaBankHomePage() (1.9s)
When I login with valid credentials
-> done: LoginSteps.WhenILoginWithValidCredentials() (0.5s)
Then I should see the account overview page
-> done: LoginSteps.ThenIShouldSeeTheAccountOverviewPage() (0.1s)
And I should see a welcome message with the username
-> done: LoginSteps.ThenIShouldSeeAWelcomeMessageWithTheUsername() (0.0s)

  Passed SuccessfulLoginWithValidCredentials [4 s]
  Standard Output Messages:
 Given I am on the ParaBank home page
 -> done: LoginSteps.GivenIAmOnTheParaBankHomePage() (1.9s)
 When I login with valid credentials
 -> done: LoginSteps.WhenILoginWithValidCredentials() (0.5s)
 Then I should see the account overview page
 -> done: LoginSteps.ThenIShouldSeeTheAccountOverviewPage() (0.1s)
 And I should see a welcome message with the username
 -> done: LoginSteps.ThenIShouldSeeAWelcomeMessageWithTheUsername() (0.0s)


Given I am on the ParaBank home page
-> done: LoginSteps.GivenIAmOnTheParaBankHomePage() (1.8s)
Given I am logged in as a valid user
-> done: LoginSteps.GivenIAmLoggedInAsAValidUser() (0.9s)
When I click on the logout link
-> done: LoginSteps.WhenIClickOnTheLogoutLink() (0.5s)
Then I should be redirected to the login page
-> done: LoginSteps.ThenIShouldBeRedirectedToTheLoginPage() (0.0s)
And I should see the login form
-> done: LoginSteps.ThenIShouldSeeTheLoginForm() (0.0s)

NUnit Adapter 4.5.0.0: Test execution complete
  Passed SuccessfulLogout [5 s]
  Standard Output Messages:
 Given I am on the ParaBank home page
 -> done: LoginSteps.GivenIAmOnTheParaBankHomePage() (1.8s)
 Given I am logged in as a valid user
 -> done: LoginSteps.GivenIAmLoggedInAsAValidUser() (0.9s)
 When I click on the logout link
 -> done: LoginSteps.WhenIClickOnTheLogoutLink() (0.5s)
 Then I should be redirected to the login page
 -> done: LoginSteps.ThenIShouldBeRedirectedToTheLoginPage() (0.0s)
 And I should see the login form
 -> done: LoginSteps.ThenIShouldSeeTheLoginForm() (0.0s)



dotnet : Test Run Failed.
At line:1 char:1
+ dotnet test --logger "console;verbosity=detailed" > test-results.txt  ...
+ ~~~~~~~~~~~~~~~~~~~~~~~~~~~~~~~~~~~~~~~~~~~~~~~~~~~~~~~~~~~~~~~~~~~~~
    + CategoryInfo          : NotSpecified: (Test Run Failed.:String) [], RemoteException
    + FullyQualifiedErrorId : NativeCommandError
 
Total tests: 13
     Passed: 6
     Failed: 7
 Total time: 1.8225 Minutes
